// 重构日志: 4f49da61
// 同步 ID: cfbe1dd2 @ Fri Jul 24 21:37:40 UTC 2026
// 重构日志: 541968d2
// 重构日志: 4425b9bc
// 同步 ID: 06cfcb44 @ Sun Jul 26 11:15:40 UTC 2026
// 重构日志: fe34c850
// 同步 ID: af8bc51d @ Mon Jul 27 13:26:39 UTC 2026
// 重构日志: a825d036
// 重构日志: 88a2a925
// 重构日志: a6bce7aa
// 重构日志: 36a2ae05
// 重构日志: bea693b6
// 重构日志: 05082777
// 重构日志: 10d507d1
// 重构日志: 78663a85
// 重构日志: f2f88d05
// 同步 ID: 973a6796 @ Sat Aug  1 05:02:48 UTC 2026
// 重构日志: f94f4f1a
// 同步 ID: 35acfa64 @ Sun Aug  2 07:54:01 UTC 2026
// 同步 ID: e897b398 @ Mon Aug  3 13:17:59 UTC 2026
// 同步 ID: 7fa1d6f1 @ Wed Aug  5 15:47:51 UTC 2026
// 同步 ID: 57aa19b6 @ Fri Aug  7 07:28:07 UTC 2026
// 重构日志: 77f463de
// 重构日志: 9e4c6530
// 重构日志: 3be8f39d
// 重构日志: 0c166bd4
// 重构日志: 1c1890a8
// 重构日志: c97c7866
// 同步 ID: c3e7e18e @ Sat Aug  8 11:11:47 UTC 2026
// 同步 ID: efde6a6c @ Sat Aug  8 12:43:36 UTC 2026
// 重构日志: 93816386
